[2m10:07:12 PM[22m [31m[1m[vite][22m[39m Pre-transform error: [postcss] C:/Users/NoteService/Desktop/Vitality/apps/web/src/index.css:70:5: The `bg-night` class does not exist. If `bg-night` is a custom class, make sure it is defined within a `@layer` directive.
[2m10:07:12 PM[22m [31m[1m[vite][22m[39m [31mInternal server error: [postcss] C:/Users/NoteService/Desktop/Vitality/apps/web/src/index.css:70:5: The `bg-night` class does not exist. If `bg-night` is a custom class, make sure it is defined within a `@layer` directive.[39m
  Plugin: [35mvite:css[39m
  File: [36mC:/Users/NoteService/Desktop/Vitality/apps/web/src/index.css[39m:70:4
[33m  68 |    .press-btn {
  69 |      @apply inline-flex items-center justify-center gap-2 rounded-none px-6 py-3 font-medium uppercase tracking-widest text-sm;
  70 |      @apply bg-night text-paper border border-night;
     |      ^
  71 |      @apply transition-transform duration-200 ease-out;
  72 |      box-shadow:[39m
      at Input.error (C:\Users\NoteService\Desktop\Vitality\node_modules\.pnpm\postcss@8.5.14\node_modules\postcss\lib\input.js:135:16)
      at AtRule.error (C:\Users\NoteService\Desktop\Vitality\node_modules\.pnpm\postcss@8.5.14\node_modules\postcss\lib\node.js:146:32)
      at processApply (C:\Users\NoteService\Desktop\Vitality\node_modules\.pnpm\tailwindcss@3.4.19_tsx@4.22.0\node_modules\tailwindcss\lib\lib\expandApplyAtRules.js:380:29)
      at C:\Users\NoteService\Desktop\Vitality\node_modules\.pnpm\tailwindcss@3.4.19_tsx@4.22.0\node_modules\tailwindcss\lib\lib\expandApplyAtRules.js:551:9
      at C:\Users\NoteService\Desktop\Vitality\node_modules\.pnpm\tailwindcss@3.4.19_tsx@4.22.0\node_modules\tailwindcss\lib\processTailwindFeatures.js:55:50
      at async plugins (C:\Users\NoteService\Desktop\Vitality\node_modules\.pnpm\tailwindcss@3.4.19_tsx@4.22.0\node_modules\tailwindcss\lib\plugin.js:38:17)
      at async LazyResult.runAsync (C:\Users\NoteService\Desktop\Vitality\node_modules\.pnpm\postcss@8.5.14\node_modules\postcss\lib\lazy-result.js:293:11)
      at async compileCSS (file:///C:/Users/NoteService/Desktop/Vitality/node_modules/.pnpm/vite@5.4.21_@types+node@20.19.41/node_modules/vite/dist/node/chunks/dep-BK3b2jBa.js:36898:21)
      at async TransformPluginContext.transform (file:///C:/Users/NoteService/Desktop/Vitality/node_modules/.pnpm/vite@5.4.21_@types+node@20.19.41/node_modules/vite/dist/node/chunks/dep-BK3b2jBa.js:36171:11)
      at async PluginContainer.transform (file:///C:/Users/NoteService/Desktop/Vitality/node_modules/.pnpm/vite@5.4.21_@types+node@20.19.41/node_modules/vite/dist/node/chunks/dep-BK3b2jBa.js:49099:18)
      at async loadAndTransform (file:///C:/Users/NoteService/Desktop/Vitality/node_modules/.pnpm/vite@5.4.21_@types+node@20.19.41/node_modules/vite/dist/node/chunks/dep-BK3b2jBa.js:51978:27)
      at async viteTransformMiddleware (file:///C:/Users/NoteService/Desktop/Vitality/node_modules/.pnpm/vite@5.4.21_@types+node@20.19.41/node_modules/vite/dist/node/chunks/dep-BK3b2jBa.js:62106:24)
[2m10:18:42 PM[22m [31m[1m[vite][22m[39m Pre-transform error: Failed to resolve import "@supabase/supabase-js" from "src/lib/supabase.ts". Does the file exist?
[2m10:18:43 PM[22m [31m[1m[vite][22m[39m [31mInternal server error: Failed to resolve import "@supabase/supabase-js" from "src/lib/supabase.ts". Does the file exist?[39m
  Plugin: [35mvite:import-analysis[39m
  File: [36mC:/Users/NoteService/Desktop/Vitality/apps/web/src/lib/supabase.ts[39m:1:50
[33m  1  |  import { createClient } from "@supabase/supabase-js";
     |                                ^
  2  |  const url = import.meta.env.VITE_SUPABASE_URL ?? "";
  3  |  const anonKey = import.meta.env.VITE_SUPABASE_ANON_KEY ?? "";[39m
      at TransformPluginContext._formatError (file:///C:/Users/NoteService/Desktop/Vitality/node_modules/.pnpm/vite@5.4.21_@types+node@20.19.41/node_modules/vite/dist/node/chunks/dep-BK3b2jBa.js:49258:41)
      at TransformPluginContext.error (file:///C:/Users/NoteService/Desktop/Vitality/node_modules/.pnpm/vite@5.4.21_@types+node@20.19.41/node_modules/vite/dist/node/chunks/dep-BK3b2jBa.js:49253:16)
      at normalizeUrl (file:///C:/Users/NoteService/Desktop/Vitality/node_modules/.pnpm/vite@5.4.21_@types+node@20.19.41/node_modules/vite/dist/node/chunks/dep-BK3b2jBa.js:64307:23)
      at process.processTicksAndRejections (node:internal/process/task_queues:95:5)
      at async file:///C:/Users/NoteService/Desktop/Vitality/node_modules/.pnpm/vite@5.4.21_@types+node@20.19.41/node_modules/vite/dist/node/chunks/dep-BK3b2jBa.js:64439:39
      at async Promise.all (index 0)
      at async TransformPluginContext.transform (file:///C:/Users/NoteService/Desktop/Vitality/node_modules/.pnpm/vite@5.4.21_@types+node@20.19.41/node_modules/vite/dist/node/chunks/dep-BK3b2jBa.js:64366:7)
      at async PluginContainer.transform (file:///C:/Users/NoteService/Desktop/Vitality/node_modules/.pnpm/vite@5.4.21_@types+node@20.19.41/node_modules/vite/dist/node/chunks/dep-BK3b2jBa.js:49099:18)
      at async loadAndTransform (file:///C:/Users/NoteService/Desktop/Vitality/node_modules/.pnpm/vite@5.4.21_@types+node@20.19.41/node_modules/vite/dist/node/chunks/dep-BK3b2jBa.js:51978:27)
      at async viteTransformMiddleware (file:///C:/Users/NoteService/Desktop/Vitality/node_modules/.pnpm/vite@5.4.21_@types+node@20.19.41/node_modules/vite/dist/node/chunks/dep-BK3b2jBa.js:62106:24)
[2m10:19:12 PM[22m [31m[1m[vite][22m[39m Pre-transform error: Failed to resolve import "@supabase/supabase-js" from "src/lib/supabase.ts". Does the file exist?
[2m10:19:12 PM[22m [31m[1m[vite][22m[39m Pre-transform error: Failed to resolve import "@supabase/supabase-js" from "src/lib/supabase.ts". Does the file exist?
[2m10:19:12 PM[22m [31m[1m[vite][22m[39m [31mInternal server error: Failed to resolve import "@supabase/supabase-js" from "src/lib/supabase.ts". Does the file exist?[39m
  Plugin: [35mvite:import-analysis[39m
  File: [36mC:/Users/NoteService/Desktop/Vitality/apps/web/src/lib/supabase.ts[39m:1:50
[33m  1  |  import { createClient } from "@supabase/supabase-js";
     |                                ^
  2  |  const url = import.meta.env.VITE_SUPABASE_URL ?? "";
  3  |  const anonKey = import.meta.env.VITE_SUPABASE_ANON_KEY ?? "";[39m
      at TransformPluginContext._formatError (file:///C:/Users/NoteService/Desktop/Vitality/node_modules/.pnpm/vite@5.4.21_@types+node@20.19.41/node_modules/vite/dist/node/chunks/dep-BK3b2jBa.js:49258:41)
      at TransformPluginContext.error (file:///C:/Users/NoteService/Desktop/Vitality/node_modules/.pnpm/vite@5.4.21_@types+node@20.19.41/node_modules/vite/dist/node/chunks/dep-BK3b2jBa.js:49253:16)
      at normalizeUrl (file:///C:/Users/NoteService/Desktop/Vitality/node_modules/.pnpm/vite@5.4.21_@types+node@20.19.41/node_modules/vite/dist/node/chunks/dep-BK3b2jBa.js:64307:23)
      at process.processTicksAndRejections (node:internal/process/task_queues:95:5)
      at async file:///C:/Users/NoteService/Desktop/Vitality/node_modules/.pnpm/vite@5.4.21_@types+node@20.19.41/node_modules/vite/dist/node/chunks/dep-BK3b2jBa.js:64439:39
      at async Promise.all (index 0)
      at async TransformPluginContext.transform (file:///C:/Users/NoteService/Desktop/Vitality/node_modules/.pnpm/vite@5.4.21_@types+node@20.19.41/node_modules/vite/dist/node/chunks/dep-BK3b2jBa.js:64366:7)
      at async PluginContainer.transform (file:///C:/Users/NoteService/Desktop/Vitality/node_modules/.pnpm/vite@5.4.21_@types+node@20.19.41/node_modules/vite/dist/node/chunks/dep-BK3b2jBa.js:49099:18)
      at async loadAndTransform (file:///C:/Users/NoteService/Desktop/Vitality/node_modules/.pnpm/vite@5.4.21_@types+node@20.19.41/node_modules/vite/dist/node/chunks/dep-BK3b2jBa.js:51978:27)
      at async viteTransformMiddleware (file:///C:/Users/NoteService/Desktop/Vitality/node_modules/.pnpm/vite@5.4.21_@types+node@20.19.41/node_modules/vite/dist/node/chunks/dep-BK3b2jBa.js:62106:24)
